// Jest Snapshot v1, https://goo.gl/fbAQLP

exports[`test snapshot test 1`] = `
<div
  className="App"
>
  Hello world
</div>
`;
